2026-08-17 05:52:03.427: [INFO] CurrentProfilePath: C:\Users\topst\JAVA MWF 10-30\.metadata\.plugins\org.eclipse.swt\EBWebView\Default
2026-08-17 05:52:03.427: [INFO] Profiles total count: 1
2026-08-17 05:52:03.427: [INFO] Profile: name=Profile 1 path=C:\Users\topst\JAVA MWF 10-30\.metadata\.plugins\org.eclipse.swt\EBWebView\Default lastActive=null
2026-08-17 05:52:03.427: [INFO] LastUsedProfileDir: C:\Users\topst\JAVA MWF 10-30\.metadata\.plugins\org.eclipse.swt\EBWebView\Default
2026-08-17 05:52:03.427: [INFO] OnDoneLoading sync enabled: 0
2026-08-17 05:52:03.427: [INFO] BookmarkModelLoaded, ids_reassigned: 0
2026-08-17 05:52:03.427: [INFO] BookmarksLoadDropped droppedNodes=0
2026-08-17 05:52:03.427: [INFO] BookmarksSnapshot Startup total=0 bar=0 other=0 mobile=0 showBar=0 showBarNTP=1
2026-08-17 05:52:13.139: [INFO] BookmarksSnapshot Shutdown total=0 bar=0 other=0 mobile=0 showBar=0 showBarNTP=1
2026-08-17 05:52:13.531: [INFO] CurrentProfilePath: C:\Users\topst\JAVA MWF 10-30\.metadata\.plugins\org.eclipse.swt\EBWebView\Default
2026-08-17 05:52:13.531: [INFO] Profiles total count: 1
2026-08-17 05:52:13.531: [INFO] Profile: name=Profile 1 path=C:\Users\topst\JAVA MWF 10-30\.metadata\.plugins\org.eclipse.swt\EBWebView\Default lastActive=2026-08-17T05:52:09.816Z
2026-08-17 05:52:13.531: [INFO] LastUsedProfileDir: C:\Users\topst\JAVA MWF 10-30\.metadata\.plugins\org.eclipse.swt\EBWebView\Default
2026-08-17 05:52:13.531: [INFO] MostRecentlyActiveProfile: name=Profile 1 path=C:\Users\topst\JAVA MWF 10-30\.metadata\.plugins\org.eclipse.swt\EBWebView\Default lastActive=2026-08-17T05:52:09.816Z
2026-08-17 05:52:13.531: [INFO] OnDoneLoading sync enabled: 0
2026-08-17 05:52:13.531: [INFO] BookmarkModelLoaded, ids_reassigned: 0
2026-08-17 05:52:13.531: [INFO] BookmarksLoadDropped droppedNodes=0
2026-08-17 05:52:13.531: [INFO] BookmarksSnapshot Startup total=0 bar=0 other=0 mobile=0 showBar=0 showBarNTP=1
2026-08-17 06:44:02.440: [INFO] BookmarksSnapshot Shutdown total=0 bar=0 other=0 mobile=0 showBar=0 showBarNTP=1
2026-08-19 05:34:15.802: [INFO] CurrentProfilePath: C:\Users\topst\JAVA MWF 10-30\.metadata\.plugins\org.eclipse.swt\EBWebView\Default
2026-08-19 05:34:15.803: [INFO] Profiles total count: 1
2026-08-19 05:34:15.803: [INFO] Profile: name=Profile 1 path=C:\Users\topst\JAVA MWF 10-30\.metadata\.plugins\org.eclipse.swt\EBWebView\Default lastActive=2026-08-17T05:52:09.816Z
2026-08-19 05:34:15.803: [INFO] LastUsedProfileDir: C:\Users\topst\JAVA MWF 10-30\.metadata\.plugins\org.eclipse.swt\EBWebView\Default
2026-08-19 05:34:15.803: [INFO] MostRecentlyActiveProfile: name=Profile 1 path=C:\Users\topst\JAVA MWF 10-30\.metadata\.plugins\org.eclipse.swt\EBWebView\Default lastActive=2026-08-17T05:52:09.816Z
2026-08-19 05:34:15.803: [INFO] OnDoneLoading sync enabled: 0
2026-08-19 05:34:15.803: [INFO] BookmarkModelLoaded, ids_reassigned: 0
2026-08-19 05:34:15.803: [INFO] BookmarksLoadDropped droppedNodes=0
2026-08-19 05:34:15.803: [INFO] BookmarksSnapshot Startup total=0 bar=0 other=0 mobile=0 showBar=0 showBarNTP=1
2026-08-19 05:57:36.739: [INFO] BookmarksSnapshot Shutdown total=0 bar=0 other=0 mobile=0 showBar=0 showBarNTP=1
2026-08-19 05:58:37.821: [INFO] CurrentProfilePath: C:\Users\topst\JAVA MWF 10-30\.metadata\.plugins\org.eclipse.swt\EBWebView\Default
2026-08-19 05:58:37.821: [INFO] Profiles total count: 1
2026-08-19 05:58:37.821: [INFO] Profile: name=Profile 1 path=C:\Users\topst\JAVA MWF 10-30\.metadata\.plugins\org.eclipse.swt\EBWebView\Default lastActive=2026-08-19T05:46:06.014Z
2026-08-19 05:58:37.821: [INFO] LastUsedProfileDir: C:\Users\topst\JAVA MWF 10-30\.metadata\.plugins\org.eclipse.swt\EBWebView\Default
2026-08-19 05:58:37.821: [INFO] MostRecentlyActiveProfile: name=Profile 1 path=C:\Users\topst\JAVA MWF 10-30\.metadata\.plugins\org.eclipse.swt\EBWebView\Default lastActive=2026-08-19T05:46:06.014Z
2026-08-19 05:58:37.821: [INFO] OnDoneLoading sync enabled: 0
2026-08-19 05:58:37.821: [INFO] BookmarkModelLoaded, ids_reassigned: 0
2026-08-19 05:58:37.821: [INFO] BookmarksLoadDropped droppedNodes=0
2026-08-19 05:58:37.821: [INFO] BookmarksSnapshot Startup total=0 bar=0 other=0 mobile=0 showBar=0 showBarNTP=1
2026-08-19 05:58:50.107: [INFO] BookmarksSnapshot Shutdown total=0 bar=0 other=0 mobile=0 showBar=0 showBarNTP=1
2026-08-19 05:59:47.448: [INFO] CurrentProfilePath: C:\Users\topst\JAVA MWF 10-30\.metadata\.plugins\org.eclipse.swt\EBWebView\Default
2026-08-19 05:59:47.448: [INFO] Profiles total count: 1
2026-08-19 05:59:47.448: [INFO] Profile: name=Profile 1 path=C:\Users\topst\JAVA MWF 10-30\.metadata\.plugins\org.eclipse.swt\EBWebView\Default lastActive=2026-08-19T05:58:48.405Z
2026-08-19 05:59:47.448: [INFO] LastUsedProfileDir: C:\Users\topst\JAVA MWF 10-30\.metadata\.plugins\org.eclipse.swt\EBWebView\Default
2026-08-19 05:59:47.448: [INFO] MostRecentlyActiveProfile: name=Profile 1 path=C:\Users\topst\JAVA MWF 10-30\.metadata\.plugins\org.eclipse.swt\EBWebView\Default lastActive=2026-08-19T05:58:48.405Z
2026-08-19 05:59:47.448: [INFO] OnDoneLoading sync enabled: 0
2026-08-19 05:59:47.448: [INFO] BookmarkModelLoaded, ids_reassigned: 0
2026-08-19 05:59:47.448: [INFO] BookmarksLoadDropped droppedNodes=0
2026-08-19 05:59:47.448: [INFO] BookmarksSnapshot Startup total=0 bar=0 other=0 mobile=0 showBar=0 showBarNTP=1
2026-08-19 06:00:35.976: [INFO] BookmarksSnapshot Shutdown total=0 bar=0 other=0 mobile=0 showBar=0 showBarNTP=1
2026-08-19 06:01:08.681: [INFO] CurrentProfilePath: C:\Users\topst\JAVA MWF 10-30\.metadata\.plugins\org.eclipse.swt\EBWebView\Default
2026-08-19 06:01:08.681: [INFO] Profiles total count: 1
2026-08-19 06:01:08.681: [INFO] Profile: name=Profile 1 path=C:\Users\topst\JAVA MWF 10-30\.metadata\.plugins\org.eclipse.swt\EBWebView\Default lastActive=2026-08-19T05:58:48.405Z
2026-08-19 06:01:08.681: [INFO] LastUsedProfileDir: C:\Users\topst\JAVA MWF 10-30\.metadata\.plugins\org.eclipse.swt\EBWebView\Default
2026-08-19 06:01:08.681: [INFO] MostRecentlyActiveProfile: name=Profile 1 path=C:\Users\topst\JAVA MWF 10-30\.metadata\.plugins\org.eclipse.swt\EBWebView\Default lastActive=2026-08-19T05:58:48.405Z
2026-08-19 06:01:08.682: [INFO] OnDoneLoading sync enabled: 0
2026-08-19 06:01:08.682: [INFO] BookmarkModelLoaded, ids_reassigned: 0
2026-08-19 06:01:08.682: [INFO] BookmarksLoadDropped droppedNodes=0
2026-08-19 06:01:08.682: [INFO] BookmarksSnapshot Startup total=0 bar=0 other=0 mobile=0 showBar=0 showBarNTP=1
2026-08-19 06:31:27.259: [INFO] BookmarksSnapshot Shutdown total=0 bar=0 other=0 mobile=0 showBar=0 showBarNTP=1
2026-08-21 05:30:49.430: [INFO] CurrentProfilePath: C:\Users\topst\JAVA MWF 10-30\.metadata\.plugins\org.eclipse.swt\EBWebView\Default
2026-08-21 05:30:49.430: [INFO] Profiles total count: 1
2026-08-21 05:30:49.430: [INFO] Profile: name=Profile 1 path=C:\Users\topst\JAVA MWF 10-30\.metadata\.plugins\org.eclipse.swt\EBWebView\Default lastActive=2026-08-19T06:01:18.379Z
2026-08-21 05:30:49.430: [INFO] LastUsedProfileDir: C:\Users\topst\JAVA MWF 10-30\.metadata\.plugins\org.eclipse.swt\EBWebView\Default
2026-08-21 05:30:49.430: [INFO] MostRecentlyActiveProfile: name=Profile 1 path=C:\Users\topst\JAVA MWF 10-30\.metadata\.plugins\org.eclipse.swt\EBWebView\Default lastActive=2026-08-19T06:01:18.379Z
2026-08-21 05:30:49.430: [INFO] OnDoneLoading sync enabled: 0
2026-08-21 05:30:49.430: [INFO] BookmarkModelLoaded, ids_reassigned: 0
2026-08-21 05:30:49.430: [INFO] BookmarksLoadDropped droppedNodes=0
2026-08-21 05:30:49.430: [INFO] BookmarksSnapshot Startup total=0 bar=0 other=0 mobile=0 showBar=0 showBarNTP=1
2026-08-21 06:57:39.117: [INFO] BookmarksSnapshot Shutdown total=0 bar=0 other=0 mobile=0 showBar=0 showBarNTP=1
2026-08-24 05:37:35.810: [INFO] CurrentProfilePath: C:\Users\topst\JAVA MWF 10-30\.metadata\.plugins\org.eclipse.swt\EBWebView\Default
2026-08-24 05:37:35.810: [INFO] Profiles total count: 1
2026-08-24 05:37:35.813: [INFO] Profile: name=Profile 1 path=C:\Users\topst\JAVA MWF 10-30\.metadata\.plugins\org.eclipse.swt\EBWebView\Default lastActive=2026-08-21T05:31:11.193Z
2026-08-24 05:37:35.813: [INFO] LastUsedProfileDir: C:\Users\topst\JAVA MWF 10-30\.metadata\.plugins\org.eclipse.swt\EBWebView\Default
2026-08-24 05:37:35.813: [INFO] MostRecentlyActiveProfile: name=Profile 1 path=C:\Users\topst\JAVA MWF 10-30\.metadata\.plugins\org.eclipse.swt\EBWebView\Default lastActive=2026-08-21T05:31:11.193Z
2026-08-24 05:37:35.813: [INFO] OnDoneLoading sync enabled: 0
2026-08-24 05:37:35.813: [INFO] BookmarkModelLoaded, ids_reassigned: 0
2026-08-24 05:37:35.813: [INFO] BookmarksLoadDropped droppedNodes=0
2026-08-24 05:37:35.813: [INFO] BookmarksSnapshot Startup total=0 bar=0 other=0 mobile=0 showBar=0 showBarNTP=1
2026-08-24 06:39:59.764: [INFO] BookmarksSnapshot Shutdown total=0 bar=0 other=0 mobile=0 showBar=0 showBarNTP=1
2026-08-26 05:44:09.342: [INFO] CurrentProfilePath: C:\Users\topst\JAVA MWF 10-30\.metadata\.plugins\org.eclipse.swt\EBWebView\Default
2026-08-26 05:44:09.342: [INFO] Profiles total count: 1
2026-08-26 05:44:09.345: [INFO] Profile: name=Profile 1 path=C:\Users\topst\JAVA MWF 10-30\.metadata\.plugins\org.eclipse.swt\EBWebView\Default lastActive=2026-08-24T05:37:49.572Z
2026-08-26 05:44:09.345: [INFO] LastUsedProfileDir: C:\Users\topst\JAVA MWF 10-30\.metadata\.plugins\org.eclipse.swt\EBWebView\Default
2026-08-26 05:44:09.345: [INFO] MostRecentlyActiveProfile: name=Profile 1 path=C:\Users\topst\JAVA MWF 10-30\.metadata\.plugins\org.eclipse.swt\EBWebView\Default lastActive=2026-08-24T05:37:49.572Z
2026-08-26 05:44:09.345: [INFO] OnDoneLoading sync enabled: 0
2026-08-26 05:44:09.345: [INFO] BookmarkModelLoaded, ids_reassigned: 0
2026-08-26 05:44:09.345: [INFO] BookmarksLoadDropped droppedNodes=0
2026-08-26 05:44:09.345: [INFO] BookmarksSnapshot Startup total=0 bar=0 other=0 mobile=0 showBar=0 showBarNTP=1
2026-08-26 06:31:09.129: [INFO] BookmarksSnapshot Shutdown total=0 bar=0 other=0 mobile=0 showBar=0 showBarNTP=1
2026-08-31 05:38:20.210: [INFO] CurrentProfilePath: C:\Users\topst\JAVA MWF 10-30\.metadata\.plugins\org.eclipse.swt\EBWebView\Default
2026-08-31 05:38:20.210: [INFO] Profiles total count: 1
2026-08-31 05:38:20.211: [INFO] Profile: name=Profile 1 path=C:\Users\topst\JAVA MWF 10-30\.metadata\.plugins\org.eclipse.swt\EBWebView\Default lastActive=2026-08-24T05:37:49.572Z
2026-08-31 05:38:20.211: [INFO] LastUsedProfileDir: C:\Users\topst\JAVA MWF 10-30\.metadata\.plugins\org.eclipse.swt\EBWebView\Default
2026-08-31 05:38:20.211: [INFO] MostRecentlyActiveProfile: name=Profile 1 path=C:\Users\topst\JAVA MWF 10-30\.metadata\.plugins\org.eclipse.swt\EBWebView\Default lastActive=2026-08-24T05:37:49.572Z
2026-08-31 05:38:20.211: [INFO] OnDoneLoading sync enabled: 0
2026-08-31 05:38:20.211: [INFO] BookmarkModelLoaded, ids_reassigned: 0
2026-08-31 05:38:20.211: [INFO] BookmarksLoadDropped droppedNodes=0
2026-08-31 05:38:20.211: [INFO] BookmarksSnapshot Startup total=0 bar=0 other=0 mobile=0 showBar=0 showBarNTP=1
2026-08-31 05:40:02.624: [INFO] BookmarksSnapshot Shutdown total=0 bar=0 other=0 mobile=0 showBar=0 showBarNTP=1
2026-08-31 05:42:43.941: [INFO] CurrentProfilePath: C:\Users\topst\JAVA MWF 10-30\.metadata\.plugins\org.eclipse.swt\EBWebView\Default
2026-08-31 05:42:43.941: [INFO] Profiles total count: 1
2026-08-31 05:42:43.942: [INFO] Profile: name=Profile 1 path=C:\Users\topst\JAVA MWF 10-30\.metadata\.plugins\org.eclipse.swt\EBWebView\Default lastActive=2026-08-31T05:40:02.359Z
2026-08-31 05:42:43.942: [INFO] LastUsedProfileDir: C:\Users\topst\JAVA MWF 10-30\.metadata\.plugins\org.eclipse.swt\EBWebView\Default
2026-08-31 05:42:43.942: [INFO] MostRecentlyActiveProfile: name=Profile 1 path=C:\Users\topst\JAVA MWF 10-30\.metadata\.plugins\org.eclipse.swt\EBWebView\Default lastActive=2026-08-31T05:40:02.359Z
2026-08-31 05:42:43.942: [INFO] OnDoneLoading sync enabled: 0
2026-08-31 05:42:43.942: [INFO] BookmarkModelLoaded, ids_reassigned: 0
2026-08-31 05:42:43.942: [INFO] BookmarksLoadDropped droppedNodes=0
2026-08-31 05:42:43.942: [INFO] BookmarksSnapshot Startup total=0 bar=0 other=0 mobile=0 showBar=0 showBarNTP=1
2026-08-31 05:43:41.796: [INFO] BookmarksSnapshot Shutdown total=0 bar=0 other=0 mobile=0 showBar=0 showBarNTP=1
2026-08-31 05:49:33.916: [INFO] CurrentProfilePath: C:\Users\topst\JAVA MWF 10-30\.metadata\.plugins\org.eclipse.swt\EBWebView\Default
2026-08-31 05:49:33.916: [INFO] Profiles total count: 1
2026-08-31 05:49:33.916: [INFO] Profile: name=Profile 1 path=C:\Users\topst\JAVA MWF 10-30\.metadata\.plugins\org.eclipse.swt\EBWebView\Default lastActive=2026-08-31T05:40:02.359Z
2026-08-31 05:49:33.916: [INFO] LastUsedProfileDir: C:\Users\topst\JAVA MWF 10-30\.metadata\.plugins\org.eclipse.swt\EBWebView\Default
2026-08-31 05:49:33.916: [INFO] MostRecentlyActiveProfile: name=Profile 1 path=C:\Users\topst\JAVA MWF 10-30\.metadata\.plugins\org.eclipse.swt\EBWebView\Default lastActive=2026-08-31T05:40:02.359Z
2026-08-31 05:49:33.916: [INFO] OnDoneLoading sync enabled: 0
2026-08-31 05:49:33.916: [INFO] BookmarkModelLoaded, ids_reassigned: 0
2026-08-31 05:49:33.916: [INFO] BookmarksLoadDropped droppedNodes=0
2026-08-31 05:49:33.916: [INFO] BookmarksSnapshot Startup total=0 bar=0 other=0 mobile=0 showBar=0 showBarNTP=1
2026-08-31 05:49:49.869: [INFO] BookmarksSnapshot Shutdown total=0 bar=0 other=0 mobile=0 showBar=0 showBarNTP=1
2026-08-31 05:49:54.139: [INFO] CurrentProfilePath: C:\Users\topst\JAVA MWF 10-30\.metadata\.plugins\org.eclipse.swt\EBWebView\Default
2026-08-31 05:49:54.139: [INFO] Profiles total count: 1
2026-08-31 05:49:54.140: [INFO] Profile: name=Profile 1 path=C:\Users\topst\JAVA MWF 10-30\.metadata\.plugins\org.eclipse.swt\EBWebView\Default lastActive=2026-08-31T05:40:02.359Z
2026-08-31 05:49:54.140: [INFO] LastUsedProfileDir: C:\Users\topst\JAVA MWF 10-30\.metadata\.plugins\org.eclipse.swt\EBWebView\Default
2026-08-31 05:49:54.140: [INFO] MostRecentlyActiveProfile: name=Profile 1 path=C:\Users\topst\JAVA MWF 10-30\.metadata\.plugins\org.eclipse.swt\EBWebView\Default lastActive=2026-08-31T05:40:02.359Z
2026-08-31 05:49:54.140: [INFO] OnDoneLoading sync enabled: 0
2026-08-31 05:49:54.140: [INFO] BookmarkModelLoaded, ids_reassigned: 0
2026-08-31 05:49:54.140: [INFO] BookmarksLoadDropped droppedNodes=0
2026-08-31 05:49:54.140: [INFO] BookmarksSnapshot Startup total=0 bar=0 other=0 mobile=0 showBar=0 showBarNTP=1
2026-08-31 06:06:26.300: [INFO] BookmarksSnapshot Shutdown total=0 bar=0 other=0 mobile=0 showBar=0 showBarNTP=1
2026-08-31 06:10:44.309: [INFO] CurrentProfilePath: C:\Users\topst\JAVA MWF 10-30\.metadata\.plugins\org.eclipse.swt\EBWebView\Default
2026-08-31 06:10:44.309: [INFO] Profiles total count: 1
2026-08-31 06:10:44.309: [INFO] Profile: name=Profile 1 path=C:\Users\topst\JAVA MWF 10-30\.metadata\.plugins\org.eclipse.swt\EBWebView\Default lastActive=2026-08-31T05:40:02.359Z
2026-08-31 06:10:44.309: [INFO] LastUsedProfileDir: C:\Users\topst\JAVA MWF 10-30\.metadata\.plugins\org.eclipse.swt\EBWebView\Default
2026-08-31 06:10:44.309: [INFO] MostRecentlyActiveProfile: name=Profile 1 path=C:\Users\topst\JAVA MWF 10-30\.metadata\.plugins\org.eclipse.swt\EBWebView\Default lastActive=2026-08-31T05:40:02.359Z
2026-08-31 06:10:44.309: [INFO] OnDoneLoading sync enabled: 0
2026-08-31 06:10:44.309: [INFO] BookmarkModelLoaded, ids_reassigned: 0
2026-08-31 06:10:44.309: [INFO] BookmarksLoadDropped droppedNodes=0
2026-08-31 06:10:44.309: [INFO] BookmarksSnapshot Startup total=0 bar=0 other=0 mobile=0 showBar=0 showBarNTP=1
2026-08-31 06:10:44.397: [INFO] BookmarksSnapshot Shutdown total=0 bar=0 other=0 mobile=0 showBar=0 showBarNTP=1
2026-08-31 06:11:12.644: [INFO] CurrentProfilePath: C:\Users\topst\JAVA MWF 10-30\.metadata\.plugins\org.eclipse.swt\EBWebView\Default
2026-08-31 06:11:12.644: [INFO] Profiles total count: 1
2026-08-31 06:11:12.644: [INFO] Profile: name=Profile 1 path=C:\Users\topst\JAVA MWF 10-30\.metadata\.plugins\org.eclipse.swt\EBWebView\Default lastActive=2026-08-31T05:40:02.359Z
2026-08-31 06:11:12.644: [INFO] LastUsedProfileDir: C:\Users\topst\JAVA MWF 10-30\.metadata\.plugins\org.eclipse.swt\EBWebView\Default
2026-08-31 06:11:12.644: [INFO] MostRecentlyActiveProfile: name=Profile 1 path=C:\Users\topst\JAVA MWF 10-30\.metadata\.plugins\org.eclipse.swt\EBWebView\Default lastActive=2026-08-31T05:40:02.359Z
2026-08-31 06:11:12.644: [INFO] OnDoneLoading sync enabled: 0
2026-08-31 06:11:12.644: [INFO] BookmarkModelLoaded, ids_reassigned: 0
2026-08-31 06:11:12.644: [INFO] BookmarksLoadDropped droppedNodes=0
2026-08-31 06:11:12.644: [INFO] BookmarksSnapshot Startup total=0 bar=0 other=0 mobile=0 showBar=0 showBarNTP=1
2026-08-31 06:14:18.432: [INFO] BookmarksSnapshot Shutdown total=0 bar=0 other=0 mobile=0 showBar=0 showBarNTP=1
2026-08-31 06:14:45.379: [INFO] CurrentProfilePath: C:\Users\topst\JAVA MWF 10-30\.metadata\.plugins\org.eclipse.swt\EBWebView\Default
2026-08-31 06:14:45.379: [INFO] Profiles total count: 1
2026-08-31 06:14:45.379: [INFO] Profile: name=Profile 1 path=C:\Users\topst\JAVA MWF 10-30\.metadata\.plugins\org.eclipse.swt\EBWebView\Default lastActive=2026-08-31T05:40:02.359Z
2026-08-31 06:14:45.379: [INFO] LastUsedProfileDir: C:\Users\topst\JAVA MWF 10-30\.metadata\.plugins\org.eclipse.swt\EBWebView\Default
2026-08-31 06:14:45.379: [INFO] MostRecentlyActiveProfile: name=Profile 1 path=C:\Users\topst\JAVA MWF 10-30\.metadata\.plugins\org.eclipse.swt\EBWebView\Default lastActive=2026-08-31T05:40:02.359Z
2026-08-31 06:14:45.379: [INFO] OnDoneLoading sync enabled: 0
2026-08-31 06:14:45.379: [INFO] BookmarkModelLoaded, ids_reassigned: 0
2026-08-31 06:14:45.379: [INFO] BookmarksLoadDropped droppedNodes=0
2026-08-31 06:14:45.379: [INFO] BookmarksSnapshot Startup total=0 bar=0 other=0 mobile=0 showBar=0 showBarNTP=1
2026-08-31 06:14:56.712: [INFO] BookmarksSnapshot Shutdown total=0 bar=0 other=0 mobile=0 showBar=0 showBarNTP=1
2026-08-31 06:15:07.130: [INFO] CurrentProfilePath: C:\Users\topst\JAVA MWF 10-30\.metadata\.plugins\org.eclipse.swt\EBWebView\Default
2026-08-31 06:15:07.130: [INFO] Profiles total count: 1
2026-08-31 06:15:07.131: [INFO] Profile: name=Profile 1 path=C:\Users\topst\JAVA MWF 10-30\.metadata\.plugins\org.eclipse.swt\EBWebView\Default lastActive=2026-08-31T05:40:02.359Z
2026-08-31 06:15:07.131: [INFO] LastUsedProfileDir: C:\Users\topst\JAVA MWF 10-30\.metadata\.plugins\org.eclipse.swt\EBWebView\Default
2026-08-31 06:15:07.131: [INFO] MostRecentlyActiveProfile: name=Profile 1 path=C:\Users\topst\JAVA MWF 10-30\.metadata\.plugins\org.eclipse.swt\EBWebView\Default lastActive=2026-08-31T05:40:02.359Z
2026-08-31 06:15:07.131: [INFO] OnDoneLoading sync enabled: 0
2026-08-31 06:15:07.131: [INFO] BookmarkModelLoaded, ids_reassigned: 0
2026-08-31 06:15:07.131: [INFO] BookmarksLoadDropped droppedNodes=0
2026-08-31 06:15:07.131: [INFO] BookmarksSnapshot Startup total=0 bar=0 other=0 mobile=0 showBar=0 showBarNTP=1
2026-08-31 06:15:10.973: [INFO] BookmarksSnapshot Shutdown total=0 bar=0 other=0 mobile=0 showBar=0 showBarNTP=1
2026-08-31 06:15:58.439: [INFO] CurrentProfilePath: C:\Users\topst\JAVA MWF 10-30\.metadata\.plugins\org.eclipse.swt\EBWebView\Default
2026-08-31 06:15:58.439: [INFO] Profiles total count: 1
2026-08-31 06:15:58.439: [INFO] Profile: name=Profile 1 path=C:\Users\topst\JAVA MWF 10-30\.metadata\.plugins\org.eclipse.swt\EBWebView\Default lastActive=2026-08-31T05:40:02.359Z
2026-08-31 06:15:58.439: [INFO] LastUsedProfileDir: C:\Users\topst\JAVA MWF 10-30\.metadata\.plugins\org.eclipse.swt\EBWebView\Default
2026-08-31 06:15:58.439: [INFO] MostRecentlyActiveProfile: name=Profile 1 path=C:\Users\topst\JAVA MWF 10-30\.metadata\.plugins\org.eclipse.swt\EBWebView\Default lastActive=2026-08-31T05:40:02.359Z
2026-08-31 06:15:58.439: [INFO] OnDoneLoading sync enabled: 0
2026-08-31 06:15:58.439: [INFO] BookmarkModelLoaded, ids_reassigned: 0
2026-08-31 06:15:58.439: [INFO] BookmarksLoadDropped droppedNodes=0
2026-08-31 06:15:58.439: [INFO] BookmarksSnapshot Startup total=0 bar=0 other=0 mobile=0 showBar=0 showBarNTP=1
2026-08-31 06:39:54.593: [INFO] BookmarksSnapshot Shutdown total=0 bar=0 other=0 mobile=0 showBar=0 showBarNTP=1
2026-08-31 06:41:01.130: [INFO] CurrentProfilePath: C:\Users\topst\JAVA MWF 10-30\.metadata\.plugins\org.eclipse.swt\EBWebView\Default
2026-08-31 06:41:01.130: [INFO] Profiles total count: 1
2026-08-31 06:41:01.130: [INFO] Profile: name=Profile 1 path=C:\Users\topst\JAVA MWF 10-30\.metadata\.plugins\org.eclipse.swt\EBWebView\Default lastActive=2026-08-31T05:40:02.359Z
2026-08-31 06:41:01.130: [INFO] LastUsedProfileDir: C:\Users\topst\JAVA MWF 10-30\.metadata\.plugins\org.eclipse.swt\EBWebView\Default
2026-08-31 06:41:01.130: [INFO] MostRecentlyActiveProfile: name=Profile 1 path=C:\Users\topst\JAVA MWF 10-30\.metadata\.plugins\org.eclipse.swt\EBWebView\Default lastActive=2026-08-31T05:40:02.359Z
2026-08-31 06:41:01.130: [INFO] OnDoneLoading sync enabled: 0
2026-08-31 06:41:01.130: [INFO] BookmarkModelLoaded, ids_reassigned: 0
2026-08-31 06:41:01.130: [INFO] BookmarksLoadDropped droppedNodes=0
2026-08-31 06:41:01.130: [INFO] BookmarksSnapshot Startup total=0 bar=0 other=0 mobile=0 showBar=0 showBarNTP=1
2026-08-31 06:41:01.213: [INFO] BookmarksSnapshot Shutdown total=0 bar=0 other=0 mobile=0 showBar=0 showBarNTP=1
2026-08-31 06:41:57.642: [INFO] CurrentProfilePath: C:\Users\topst\JAVA MWF 10-30\.metadata\.plugins\org.eclipse.swt\EBWebView\Default
2026-08-31 06:41:57.642: [INFO] Profiles total count: 1
2026-08-31 06:41:57.643: [INFO] Profile: name=Profile 1 path=C:\Users\topst\JAVA MWF 10-30\.metadata\.plugins\org.eclipse.swt\EBWebView\Default lastActive=2026-08-31T05:40:02.359Z
2026-08-31 06:41:57.643: [INFO] LastUsedProfileDir: C:\Users\topst\JAVA MWF 10-30\.metadata\.plugins\org.eclipse.swt\EBWebView\Default
2026-08-31 06:41:57.643: [INFO] MostRecentlyActiveProfile: name=Profile 1 path=C:\Users\topst\JAVA MWF 10-30\.metadata\.plugins\org.eclipse.swt\EBWebView\Default lastActive=2026-08-31T05:40:02.359Z
2026-08-31 06:41:57.643: [INFO] OnDoneLoading sync enabled: 0
2026-08-31 06:41:57.643: [INFO] BookmarkModelLoaded, ids_reassigned: 0
2026-08-31 06:41:57.643: [INFO] BookmarksLoadDropped droppedNodes=0
2026-08-31 06:41:57.643: [INFO] BookmarksSnapshot Startup total=0 bar=0 other=0 mobile=0 showBar=0 showBarNTP=1
2026-08-31 06:42:06.880: [INFO] BookmarksSnapshot Shutdown total=0 bar=0 other=0 mobile=0 showBar=0 showBarNTP=1
2026-09-02 05:38:35.483: [INFO] CurrentProfilePath: C:\Users\topst\JAVA MWF 10-30\.metadata\.plugins\org.eclipse.swt\EBWebView\Default
2026-09-02 05:38:35.483: [INFO] Profiles total count: 1
2026-09-02 05:38:35.484: [INFO] Profile: name=Profile 1 path=C:\Users\topst\JAVA MWF 10-30\.metadata\.plugins\org.eclipse.swt\EBWebView\Default lastActive=2026-08-31T05:40:02.359Z
2026-09-02 05:38:35.484: [INFO] LastUsedProfileDir: C:\Users\topst\JAVA MWF 10-30\.metadata\.plugins\org.eclipse.swt\EBWebView\Default
2026-09-02 05:38:35.484: [INFO] MostRecentlyActiveProfile: name=Profile 1 path=C:\Users\topst\JAVA MWF 10-30\.metadata\.plugins\org.eclipse.swt\EBWebView\Default lastActive=2026-08-31T05:40:02.359Z
2026-09-02 05:38:35.484: [INFO] OnDoneLoading sync enabled: 0
2026-09-02 05:38:35.484: [INFO] BookmarkModelLoaded, ids_reassigned: 0
2026-09-02 05:38:35.484: [INFO] BookmarksLoadDropped droppedNodes=0
2026-09-02 05:38:35.484: [INFO] BookmarksSnapshot Startup total=0 bar=0 other=0 mobile=0 showBar=0 showBarNTP=1
2026-09-02 06:38:33.539: [INFO] BookmarksSnapshot Shutdown total=0 bar=0 other=0 mobile=0 showBar=0 showBarNTP=1
2026-09-04 07:13:38.374: [INFO] CurrentProfilePath: C:\Users\topst\JAVA MWF 10-30\.metadata\.plugins\org.eclipse.swt\EBWebView\Default
2026-09-04 07:13:38.374: [INFO] Profiles total count: 1
2026-09-04 07:13:38.374: [INFO] Profile: name=Profile 1 path=C:\Users\topst\JAVA MWF 10-30\.metadata\.plugins\org.eclipse.swt\EBWebView\Default lastActive=2026-09-02T05:38:43.785Z
2026-09-04 07:13:38.374: [INFO] LastUsedProfileDir: C:\Users\topst\JAVA MWF 10-30\.metadata\.plugins\org.eclipse.swt\EBWebView\Default
2026-09-04 07:13:38.374: [INFO] MostRecentlyActiveProfile: name=Profile 1 path=C:\Users\topst\JAVA MWF 10-30\.metadata\.plugins\org.eclipse.swt\EBWebView\Default lastActive=2026-09-02T05:38:43.785Z
2026-09-04 07:13:38.374: [INFO] OnDoneLoading sync enabled: 0
2026-09-04 07:13:38.374: [INFO] BookmarkModelLoaded, ids_reassigned: 0
2026-09-04 07:13:38.374: [INFO] BookmarksLoadDropped droppedNodes=0
2026-09-04 07:13:38.374: [INFO] BookmarksSnapshot Startup total=0 bar=0 other=0 mobile=0 showBar=0 showBarNTP=1
2026-09-04 10:24:07.255: [INFO] BookmarksSnapshot Shutdown total=0 bar=0 other=0 mobile=0 showBar=0 showBarNTP=1
2026-09-07 05:44:15.199: [INFO] CurrentProfilePath: C:\Users\topst\JAVA MWF 10-30\.metadata\.plugins\org.eclipse.swt\EBWebView\Default
2026-09-07 05:44:15.199: [INFO] Profiles total count: 1
2026-09-07 05:44:15.199: [INFO] Profile: name=Profile 1 path=C:\Users\topst\JAVA MWF 10-30\.metadata\.plugins\org.eclipse.swt\EBWebView\Default lastActive=2026-09-04T07:14:35.982Z
2026-09-07 05:44:15.199: [INFO] LastUsedProfileDir: C:\Users\topst\JAVA MWF 10-30\.metadata\.plugins\org.eclipse.swt\EBWebView\Default
2026-09-07 05:44:15.199: [INFO] MostRecentlyActiveProfile: name=Profile 1 path=C:\Users\topst\JAVA MWF 10-30\.metadata\.plugins\org.eclipse.swt\EBWebView\Default lastActive=2026-09-04T07:14:35.982Z
2026-09-07 05:44:15.199: [INFO] OnDoneLoading sync enabled: 0
2026-09-07 05:44:15.199: [INFO] BookmarkModelLoaded, ids_reassigned: 0
2026-09-07 05:44:15.199: [INFO] BookmarksLoadDropped droppedNodes=0
2026-09-07 05:44:15.199: [INFO] BookmarksSnapshot Startup total=0 bar=0 other=0 mobile=0 showBar=0 showBarNTP=1
2026-09-07 06:42:25.207: [INFO] BookmarksSnapshot Shutdown total=0 bar=0 other=0 mobile=0 showBar=0 showBarNTP=1
2026-09-09 05:47:51.913: [INFO] CurrentProfilePath: C:\Users\topst\JAVA MWF 10-30\.metadata\.plugins\org.eclipse.swt\EBWebView\Default
2026-09-09 05:47:51.913: [INFO] Profiles total count: 1
2026-09-09 05:47:51.913: [INFO] Profile: name=Profile 1 path=C:\Users\topst\JAVA MWF 10-30\.metadata\.plugins\org.eclipse.swt\EBWebView\Default lastActive=2026-09-07T05:44:28.975Z
2026-09-09 05:47:51.913: [INFO] LastUsedProfileDir: C:\Users\topst\JAVA MWF 10-30\.metadata\.plugins\org.eclipse.swt\EBWebView\Default
2026-09-09 05:47:51.913: [INFO] MostRecentlyActiveProfile: name=Profile 1 path=C:\Users\topst\JAVA MWF 10-30\.metadata\.plugins\org.eclipse.swt\EBWebView\Default lastActive=2026-09-07T05:44:28.975Z
2026-09-09 05:47:51.913: [INFO] OnDoneLoading sync enabled: 0
2026-09-09 05:47:51.913: [INFO] BookmarkModelLoaded, ids_reassigned: 0
2026-09-09 05:47:51.913: [INFO] BookmarksLoadDropped droppedNodes=0
2026-09-09 05:47:51.913: [INFO] BookmarksSnapshot Startup total=0 bar=0 other=0 mobile=0 showBar=0 showBarNTP=1
2026-09-09 06:38:21.061: [INFO] BookmarksSnapshot Shutdown total=0 bar=0 other=0 mobile=0 showBar=0 showBarNTP=1
2026-09-18 06:34:49.064: [INFO] CurrentProfilePath: C:\Users\topst\JAVA MWF 10-30\.metadata\.plugins\org.eclipse.swt\EBWebView\Default
2026-09-18 06:34:49.064: [INFO] Profiles total count: 1
2026-09-18 06:34:49.064: [INFO] Profile: name=Profile 1 path=C:\Users\topst\JAVA MWF 10-30\.metadata\.plugins\org.eclipse.swt\EBWebView\Default lastActive=2026-09-09T05:48:21.903Z
2026-09-18 06:34:49.064: [INFO] LastUsedProfileDir: C:\Users\topst\JAVA MWF 10-30\.metadata\.plugins\org.eclipse.swt\EBWebView\Default
2026-09-18 06:34:49.064: [INFO] MostRecentlyActiveProfile: name=Profile 1 path=C:\Users\topst\JAVA MWF 10-30\.metadata\.plugins\org.eclipse.swt\EBWebView\Default lastActive=2026-09-09T05:48:21.903Z
2026-09-18 06:34:49.064: [INFO] OnDoneLoading sync enabled: 0
2026-09-18 06:34:49.064: [INFO] BookmarkModelLoaded, ids_reassigned: 0
2026-09-18 06:34:49.064: [INFO] BookmarksLoadDropped droppedNodes=0
2026-09-18 06:34:49.064: [INFO] BookmarksSnapshot Startup total=0 bar=0 other=0 mobile=0 showBar=0 showBarNTP=1
2026-09-18 06:35:17.380: [INFO] BookmarksSnapshot Shutdown total=0 bar=0 other=0 mobile=0 showBar=0 showBarNTP=1
2026-09-18 06:38:19.337: [INFO] CurrentProfilePath: C:\Users\topst\JAVA MWF 10-30\.metadata\.plugins\org.eclipse.swt\EBWebView\Default
2026-09-18 06:38:19.337: [INFO] Profiles total count: 1
2026-09-18 06:38:19.337: [INFO] Profile: name=Profile 1 path=C:\Users\topst\JAVA MWF 10-30\.metadata\.plugins\org.eclipse.swt\EBWebView\Default lastActive=2026-09-18T06:35:16.772Z
2026-09-18 06:38:19.337: [INFO] LastUsedProfileDir: C:\Users\topst\JAVA MWF 10-30\.metadata\.plugins\org.eclipse.swt\EBWebView\Default
2026-09-18 06:38:19.337: [INFO] MostRecentlyActiveProfile: name=Profile 1 path=C:\Users\topst\JAVA MWF 10-30\.metadata\.plugins\org.eclipse.swt\EBWebView\Default lastActive=2026-09-18T06:35:16.772Z
2026-09-18 06:38:19.337: [INFO] OnDoneLoading sync enabled: 0
2026-09-18 06:38:19.337: [INFO] BookmarkModelLoaded, ids_reassigned: 0
2026-09-18 06:38:19.337: [INFO] BookmarksLoadDropped droppedNodes=0
2026-09-18 06:38:19.337: [INFO] BookmarksSnapshot Startup total=0 bar=0 other=0 mobile=0 showBar=0 showBarNTP=1
2026-09-18 06:55:56.576: [INFO] BookmarksSnapshot Shutdown total=0 bar=0 other=0 mobile=0 showBar=0 showBarNTP=1
2026-09-18 06:57:32.617: [INFO] CurrentProfilePath: C:\Users\topst\JAVA MWF 10-30\.metadata\.plugins\org.eclipse.swt\EBWebView\Default
2026-09-18 06:57:32.617: [INFO] Profiles total count: 1
2026-09-18 06:57:32.617: [INFO] Profile: name=Profile 1 path=C:\Users\topst\JAVA MWF 10-30\.metadata\.plugins\org.eclipse.swt\EBWebView\Default lastActive=2026-09-18T06:35:16.772Z
2026-09-18 06:57:32.617: [INFO] LastUsedProfileDir: C:\Users\topst\JAVA MWF 10-30\.metadata\.plugins\org.eclipse.swt\EBWebView\Default
2026-09-18 06:57:32.617: [INFO] MostRecentlyActiveProfile: name=Profile 1 path=C:\Users\topst\JAVA MWF 10-30\.metadata\.plugins\org.eclipse.swt\EBWebView\Default lastActive=2026-09-18T06:35:16.772Z
2026-09-18 06:57:32.617: [INFO] OnDoneLoading sync enabled: 0
2026-09-18 06:57:32.617: [INFO] BookmarkModelLoaded, ids_reassigned: 0
2026-09-18 06:57:32.617: [INFO] BookmarksLoadDropped droppedNodes=0
2026-09-18 06:57:32.617: [INFO] BookmarksSnapshot Startup total=0 bar=0 other=0 mobile=0 showBar=0 showBarNTP=1
2026-09-18 06:57:32.730: [INFO] BookmarksSnapshot Shutdown total=0 bar=0 other=0 mobile=0 showBar=0 showBarNTP=1
2026-09-18 07:09:54.102: [INFO] CurrentProfilePath: C:\Users\topst\JAVA MWF 10-30\.metadata\.plugins\org.eclipse.swt\EBWebView\Default
2026-09-18 07:09:54.102: [INFO] Profiles total count: 1
2026-09-18 07:09:54.102: [INFO] Profile: name=Profile 1 path=C:\Users\topst\JAVA MWF 10-30\.metadata\.plugins\org.eclipse.swt\EBWebView\Default lastActive=2026-09-18T06:35:16.772Z
2026-09-18 07:09:54.102: [INFO] LastUsedProfileDir: C:\Users\topst\JAVA MWF 10-30\.metadata\.plugins\org.eclipse.swt\EBWebView\Default
2026-09-18 07:09:54.102: [INFO] MostRecentlyActiveProfile: name=Profile 1 path=C:\Users\topst\JAVA MWF 10-30\.metadata\.plugins\org.eclipse.swt\EBWebView\Default lastActive=2026-09-18T06:35:16.772Z
2026-09-18 07:09:54.102: [INFO] OnDoneLoading sync enabled: 0
2026-09-18 07:09:54.102: [INFO] BookmarkModelLoaded, ids_reassigned: 0
2026-09-18 07:09:54.102: [INFO] BookmarksLoadDropped droppedNodes=0
2026-09-18 07:09:54.102: [INFO] BookmarksSnapshot Startup total=0 bar=0 other=0 mobile=0 showBar=0 showBarNTP=1
2026-09-18 07:13:44.646: [INFO] BookmarksSnapshot Shutdown total=0 bar=0 other=0 mobile=0 showBar=0 showBarNTP=1
2026-09-18 07:15:34.447: [INFO] CurrentProfilePath: C:\Users\topst\JAVA MWF 10-30\.metadata\.plugins\org.eclipse.swt\EBWebView\Default
2026-09-18 07:15:34.447: [INFO] Profiles total count: 1
2026-09-18 07:15:34.448: [INFO] Profile: name=Profile 1 path=C:\Users\topst\JAVA MWF 10-30\.metadata\.plugins\org.eclipse.swt\EBWebView\Default lastActive=2026-09-18T06:35:16.772Z
2026-09-18 07:15:34.448: [INFO] LastUsedProfileDir: C:\Users\topst\JAVA MWF 10-30\.metadata\.plugins\org.eclipse.swt\EBWebView\Default
2026-09-18 07:15:34.448: [INFO] MostRecentlyActiveProfile: name=Profile 1 path=C:\Users\topst\JAVA MWF 10-30\.metadata\.plugins\org.eclipse.swt\EBWebView\Default lastActive=2026-09-18T06:35:16.772Z
2026-09-18 07:15:34.448: [INFO] OnDoneLoading sync enabled: 0
2026-09-18 07:15:34.448: [INFO] BookmarkModelLoaded, ids_reassigned: 0
2026-09-18 07:15:34.448: [INFO] BookmarksLoadDropped droppedNodes=0
2026-09-18 07:15:34.448: [INFO] BookmarksSnapshot Startup total=0 bar=0 other=0 mobile=0 showBar=0 showBarNTP=1
2026-09-18 07:15:34.553: [INFO] BookmarksSnapshot Shutdown total=0 bar=0 other=0 mobile=0 showBar=0 showBarNTP=1
2026-09-18 07:16:01.454: [INFO] CurrentProfilePath: C:\Users\topst\JAVA MWF 10-30\.metadata\.plugins\org.eclipse.swt\EBWebView\Default
2026-09-18 07:16:01.455: [INFO] Profiles total count: 1
2026-09-18 07:16:01.455: [INFO] Profile: name=Profile 1 path=C:\Users\topst\JAVA MWF 10-30\.metadata\.plugins\org.eclipse.swt\EBWebView\Default lastActive=2026-09-18T06:35:16.772Z
2026-09-18 07:16:01.455: [INFO] LastUsedProfileDir: C:\Users\topst\JAVA MWF 10-30\.metadata\.plugins\org.eclipse.swt\EBWebView\Default
2026-09-18 07:16:01.455: [INFO] MostRecentlyActiveProfile: name=Profile 1 path=C:\Users\topst\JAVA MWF 10-30\.metadata\.plugins\org.eclipse.swt\EBWebView\Default lastActive=2026-09-18T06:35:16.772Z
2026-09-18 07:16:01.455: [INFO] OnDoneLoading sync enabled: 0
2026-09-18 07:16:01.455: [INFO] BookmarkModelLoaded, ids_reassigned: 0
2026-09-18 07:16:01.455: [INFO] BookmarksLoadDropped droppedNodes=0
2026-09-18 07:16:01.455: [INFO] BookmarksSnapshot Startup total=0 bar=0 other=0 mobile=0 showBar=0 showBarNTP=1
2026-09-18 07:19:45.885: [INFO] BookmarksSnapshot Shutdown total=0 bar=0 other=0 mobile=0 showBar=0 showBarNTP=1
2026-09-21 06:30:05.056: [INFO] CurrentProfilePath: C:\Users\topst\JAVA MWF 10-30\.metadata\.plugins\org.eclipse.swt\EBWebView\Default
2026-09-21 06:30:05.056: [INFO] Profiles total count: 1
2026-09-21 06:30:05.056: [INFO] Profile: name=Profile 1 path=C:\Users\topst\JAVA MWF 10-30\.metadata\.plugins\org.eclipse.swt\EBWebView\Default lastActive=2026-09-18T06:35:16.772Z
2026-09-21 06:30:05.056: [INFO] LastUsedProfileDir: C:\Users\topst\JAVA MWF 10-30\.metadata\.plugins\org.eclipse.swt\EBWebView\Default
2026-09-21 06:30:05.056: [INFO] MostRecentlyActiveProfile: name=Profile 1 path=C:\Users\topst\JAVA MWF 10-30\.metadata\.plugins\org.eclipse.swt\EBWebView\Default lastActive=2026-09-18T06:35:16.772Z
2026-09-21 06:30:05.056: [INFO] OnDoneLoading sync enabled: 0
2026-09-21 06:30:05.056: [INFO] BookmarkModelLoaded, ids_reassigned: 0
2026-09-21 06:30:05.056: [INFO] BookmarksLoadDropped droppedNodes=0
2026-09-21 06:30:05.056: [INFO] BookmarksSnapshot Startup total=0 bar=0 other=0 mobile=0 showBar=0 showBarNTP=1
2026-09-21 06:30:11.203: [INFO] BookmarksSnapshot Shutdown total=0 bar=0 other=0 mobile=0 showBar=0 showBarNTP=1
2026-09-21 06:55:16.607: [INFO] CurrentProfilePath: C:\Users\topst\JAVA MWF 10-30\.metadata\.plugins\org.eclipse.swt\EBWebView\Default
2026-09-21 06:55:16.607: [INFO] Profiles total count: 1
2026-09-21 06:55:16.607: [INFO] Profile: name=Profile 1 path=C:\Users\topst\JAVA MWF 10-30\.metadata\.plugins\org.eclipse.swt\EBWebView\Default lastActive=2026-09-18T06:35:16.772Z
2026-09-21 06:55:16.607: [INFO] LastUsedProfileDir: C:\Users\topst\JAVA MWF 10-30\.metadata\.plugins\org.eclipse.swt\EBWebView\Default
2026-09-21 06:55:16.607: [INFO] MostRecentlyActiveProfile: name=Profile 1 path=C:\Users\topst\JAVA MWF 10-30\.metadata\.plugins\org.eclipse.swt\EBWebView\Default lastActive=2026-09-18T06:35:16.772Z
2026-09-21 06:55:16.607: [INFO] OnDoneLoading sync enabled: 0
2026-09-21 06:55:16.607: [INFO] BookmarkModelLoaded, ids_reassigned: 0
2026-09-21 06:55:16.607: [INFO] BookmarksLoadDropped droppedNodes=0
2026-09-21 06:55:16.607: [INFO] BookmarksSnapshot Startup total=0 bar=0 other=0 mobile=0 showBar=0 showBarNTP=1
2026-09-21 07:17:29.297: [INFO] BookmarksSnapshot Shutdown total=0 bar=0 other=0 mobile=0 showBar=0 showBarNTP=1
2026-09-21 07:17:31.945: [INFO] CurrentProfilePath: C:\Users\topst\JAVA MWF 10-30\.metadata\.plugins\org.eclipse.swt\EBWebView\Default
2026-09-21 07:17:31.946: [INFO] Profiles total count: 1
2026-09-21 07:17:31.946: [INFO] Profile: name=Profile 1 path=C:\Users\topst\JAVA MWF 10-30\.metadata\.plugins\org.eclipse.swt\EBWebView\Default lastActive=2026-09-18T06:35:16.772Z
2026-09-21 07:17:31.946: [INFO] LastUsedProfileDir: C:\Users\topst\JAVA MWF 10-30\.metadata\.plugins\org.eclipse.swt\EBWebView\Default
2026-09-21 07:17:31.946: [INFO] MostRecentlyActiveProfile: name=Profile 1 path=C:\Users\topst\JAVA MWF 10-30\.metadata\.plugins\org.eclipse.swt\EBWebView\Default lastActive=2026-09-18T06:35:16.772Z
2026-09-21 07:17:31.946: [INFO] OnDoneLoading sync enabled: 0
2026-09-21 07:17:31.946: [INFO] BookmarkModelLoaded, ids_reassigned: 0
2026-09-21 07:17:31.946: [INFO] BookmarksLoadDropped droppedNodes=0
2026-09-21 07:17:31.946: [INFO] BookmarksSnapshot Startup total=0 bar=0 other=0 mobile=0 showBar=0 showBarNTP=1
2026-09-21 07:18:04.765: [INFO] BookmarksSnapshot Shutdown total=0 bar=0 other=0 mobile=0 showBar=0 showBarNTP=1
2026-09-21 07:18:50.039: [INFO] CurrentProfilePath: C:\Users\topst\JAVA MWF 10-30\.metadata\.plugins\org.eclipse.swt\EBWebView\Default
2026-09-21 07:18:50.039: [INFO] Profiles total count: 1
2026-09-21 07:18:50.039: [INFO] Profile: name=Profile 1 path=C:\Users\topst\JAVA MWF 10-30\.metadata\.plugins\org.eclipse.swt\EBWebView\Default lastActive=2026-09-18T06:35:16.772Z
2026-09-21 07:18:50.039: [INFO] LastUsedProfileDir: C:\Users\topst\JAVA MWF 10-30\.metadata\.plugins\org.eclipse.swt\EBWebView\Default
2026-09-21 07:18:50.039: [INFO] MostRecentlyActiveProfile: name=Profile 1 path=C:\Users\topst\JAVA MWF 10-30\.metadata\.plugins\org.eclipse.swt\EBWebView\Default lastActive=2026-09-18T06:35:16.772Z
2026-09-21 07:18:50.039: [INFO] OnDoneLoading sync enabled: 0
2026-09-21 07:18:50.039: [INFO] BookmarkModelLoaded, ids_reassigned: 0
2026-09-21 07:18:50.039: [INFO] BookmarksLoadDropped droppedNodes=0
2026-09-21 07:18:50.039: [INFO] BookmarksSnapshot Startup total=0 bar=0 other=0 mobile=0 showBar=0 showBarNTP=1
2026-09-21 07:20:29.547: [INFO] BookmarksSnapshot Shutdown total=0 bar=0 other=0 mobile=0 showBar=0 showBarNTP=1
2026-09-21 07:22:34.261: [INFO] CurrentProfilePath: C:\Users\topst\JAVA MWF 10-30\.metadata\.plugins\org.eclipse.swt\EBWebView\Default
2026-09-21 07:22:34.261: [INFO] Profiles total count: 1
2026-09-21 07:22:34.261: [INFO] Profile: name=Profile 1 path=C:\Users\topst\JAVA MWF 10-30\.metadata\.plugins\org.eclipse.swt\EBWebView\Default lastActive=2026-09-18T06:35:16.772Z
2026-09-21 07:22:34.261: [INFO] LastUsedProfileDir: C:\Users\topst\JAVA MWF 10-30\.metadata\.plugins\org.eclipse.swt\EBWebView\Default
2026-09-21 07:22:34.261: [INFO] MostRecentlyActiveProfile: name=Profile 1 path=C:\Users\topst\JAVA MWF 10-30\.metadata\.plugins\org.eclipse.swt\EBWebView\Default lastActive=2026-09-18T06:35:16.772Z
2026-09-21 07:22:34.261: [INFO] OnDoneLoading sync enabled: 0
2026-09-21 07:22:34.261: [INFO] BookmarkModelLoaded, ids_reassigned: 0
2026-09-21 07:22:34.261: [INFO] BookmarksLoadDropped droppedNodes=0
2026-09-21 07:22:34.261: [INFO] BookmarksSnapshot Startup total=0 bar=0 other=0 mobile=0 showBar=0 showBarNTP=1
2026-09-21 07:22:49.518: [INFO] BookmarksSnapshot Shutdown total=0 bar=0 other=0 mobile=0 showBar=0 showBarNTP=1
2026-09-21 07:23:00.944: [INFO] CurrentProfilePath: C:\Users\topst\JAVA MWF 10-30\.metadata\.plugins\org.eclipse.swt\EBWebView\Default
2026-09-21 07:23:00.944: [INFO] Profiles total count: 1
2026-09-21 07:23:00.944: [INFO] Profile: name=Profile 1 path=C:\Users\topst\JAVA MWF 10-30\.metadata\.plugins\org.eclipse.swt\EBWebView\Default lastActive=2026-09-18T06:35:16.772Z
2026-09-21 07:23:00.944: [INFO] LastUsedProfileDir: C:\Users\topst\JAVA MWF 10-30\.metadata\.plugins\org.eclipse.swt\EBWebView\Default
2026-09-21 07:23:00.944: [INFO] MostRecentlyActiveProfile: name=Profile 1 path=C:\Users\topst\JAVA MWF 10-30\.metadata\.plugins\org.eclipse.swt\EBWebView\Default lastActive=2026-09-18T06:35:16.772Z
2026-09-21 07:23:00.944: [INFO] OnDoneLoading sync enabled: 0
2026-09-21 07:23:00.944: [INFO] BookmarkModelLoaded, ids_reassigned: 0
2026-09-21 07:23:00.944: [INFO] BookmarksLoadDropped droppedNodes=0
2026-09-21 07:23:00.944: [INFO] BookmarksSnapshot Startup total=0 bar=0 other=0 mobile=0 showBar=0 showBarNTP=1
2026-09-21 07:23:15.414: [INFO] BookmarksSnapshot Shutdown total=0 bar=0 other=0 mobile=0 showBar=0 showBarNTP=1
2026-09-21 07:26:26.563: [INFO] CurrentProfilePath: C:\Users\topst\JAVA MWF 10-30\.metadata\.plugins\org.eclipse.swt\EBWebView\Default
2026-09-21 07:26:26.563: [INFO] Profiles total count: 1
2026-09-21 07:26:26.563: [INFO] Profile: name=Profile 1 path=C:\Users\topst\JAVA MWF 10-30\.metadata\.plugins\org.eclipse.swt\EBWebView\Default lastActive=2026-09-18T06:35:16.772Z
2026-09-21 07:26:26.563: [INFO] LastUsedProfileDir: C:\Users\topst\JAVA MWF 10-30\.metadata\.plugins\org.eclipse.swt\EBWebView\Default
2026-09-21 07:26:26.563: [INFO] MostRecentlyActiveProfile: name=Profile 1 path=C:\Users\topst\JAVA MWF 10-30\.metadata\.plugins\org.eclipse.swt\EBWebView\Default lastActive=2026-09-18T06:35:16.772Z
2026-09-21 07:26:26.563: [INFO] OnDoneLoading sync enabled: 0
2026-09-21 07:26:26.563: [INFO] BookmarkModelLoaded, ids_reassigned: 0
2026-09-21 07:26:26.563: [INFO] BookmarksLoadDropped droppedNodes=0
2026-09-21 07:26:26.563: [INFO] BookmarksSnapshot Startup total=0 bar=0 other=0 mobile=0 showBar=0 showBarNTP=1
2026-09-21 07:27:34.746: [INFO] BookmarksSnapshot Shutdown total=0 bar=0 other=0 mobile=0 showBar=0 showBarNTP=1
2026-09-21 07:27:58.107: [INFO] CurrentProfilePath: C:\Users\topst\JAVA MWF 10-30\.metadata\.plugins\org.eclipse.swt\EBWebView\Default
2026-09-21 07:27:58.107: [INFO] Profiles total count: 1
2026-09-21 07:27:58.107: [INFO] Profile: name=Profile 1 path=C:\Users\topst\JAVA MWF 10-30\.metadata\.plugins\org.eclipse.swt\EBWebView\Default lastActive=2026-09-18T06:35:16.772Z
2026-09-21 07:27:58.107: [INFO] LastUsedProfileDir: C:\Users\topst\JAVA MWF 10-30\.metadata\.plugins\org.eclipse.swt\EBWebView\Default
2026-09-21 07:27:58.107: [INFO] MostRecentlyActiveProfile: name=Profile 1 path=C:\Users\topst\JAVA MWF 10-30\.metadata\.plugins\org.eclipse.swt\EBWebView\Default lastActive=2026-09-18T06:35:16.772Z
2026-09-21 07:27:58.107: [INFO] OnDoneLoading sync enabled: 0
2026-09-21 07:27:58.107: [INFO] BookmarkModelLoaded, ids_reassigned: 0
2026-09-21 07:27:58.107: [INFO] BookmarksLoadDropped droppedNodes=0
2026-09-21 07:27:58.107: [INFO] BookmarksSnapshot Startup total=0 bar=0 other=0 mobile=0 showBar=0 showBarNTP=1
2026-09-21 07:36:29.930: [INFO] BookmarksSnapshot Shutdown total=0 bar=0 other=0 mobile=0 showBar=0 showBarNTP=1
2026-09-23 06:34:04.827: [INFO] CurrentProfilePath: C:\Users\topst\JAVA MWF 10-30\.metadata\.plugins\org.eclipse.swt\EBWebView\Default
2026-09-23 06:34:04.827: [INFO] Profiles total count: 1
2026-09-23 06:34:04.827: [INFO] Profile: name=Profile 1 path=C:\Users\topst\JAVA MWF 10-30\.metadata\.plugins\org.eclipse.swt\EBWebView\Default lastActive=2026-09-18T06:35:16.772Z
2026-09-23 06:34:04.827: [INFO] LastUsedProfileDir: C:\Users\topst\JAVA MWF 10-30\.metadata\.plugins\org.eclipse.swt\EBWebView\Default
2026-09-23 06:34:04.827: [INFO] MostRecentlyActiveProfile: name=Profile 1 path=C:\Users\topst\JAVA MWF 10-30\.metadata\.plugins\org.eclipse.swt\EBWebView\Default lastActive=2026-09-18T06:35:16.772Z
2026-09-23 06:34:04.827: [INFO] OnDoneLoading sync enabled: 0
2026-09-23 06:34:04.827: [INFO] BookmarkModelLoaded, ids_reassigned: 0
2026-09-23 06:34:04.827: [INFO] BookmarksLoadDropped droppedNodes=0
2026-09-23 06:34:04.827: [INFO] BookmarksSnapshot Startup total=0 bar=0 other=0 mobile=0 showBar=0 showBarNTP=1
2026-09-23 06:34:14.737: [INFO] BookmarksSnapshot Shutdown total=0 bar=0 other=0 mobile=0 showBar=0 showBarNTP=1
2026-09-23 06:39:53.482: [INFO] CurrentProfilePath: C:\Users\topst\JAVA MWF 10-30\.metadata\.plugins\org.eclipse.swt\EBWebView\Default
2026-09-23 06:39:53.482: [INFO] Profiles total count: 1
2026-09-23 06:39:53.482: [INFO] Profile: name=Profile 1 path=C:\Users\topst\JAVA MWF 10-30\.metadata\.plugins\org.eclipse.swt\EBWebView\Default lastActive=2026-09-23T06:34:13.716Z
2026-09-23 06:39:53.482: [INFO] LastUsedProfileDir: C:\Users\topst\JAVA MWF 10-30\.metadata\.plugins\org.eclipse.swt\EBWebView\Default
2026-09-23 06:39:53.482: [INFO] MostRecentlyActiveProfile: name=Profile 1 path=C:\Users\topst\JAVA MWF 10-30\.metadata\.plugins\org.eclipse.swt\EBWebView\Default lastActive=2026-09-23T06:34:13.716Z
2026-09-23 06:39:53.482: [INFO] OnDoneLoading sync enabled: 0
2026-09-23 06:39:53.482: [INFO] BookmarkModelLoaded, ids_reassigned: 0
2026-09-23 06:39:53.482: [INFO] BookmarksLoadDropped droppedNodes=0
2026-09-23 06:39:53.482: [INFO] BookmarksSnapshot Startup total=0 bar=0 other=0 mobile=0 showBar=0 showBarNTP=1
2026-09-23 06:40:08.936: [INFO] BookmarksSnapshot Shutdown total=0 bar=0 other=0 mobile=0 showBar=0 showBarNTP=1
2026-09-23 06:40:24.123: [INFO] CurrentProfilePath: C:\Users\topst\JAVA MWF 10-30\.metadata\.plugins\org.eclipse.swt\EBWebView\Default
2026-09-23 06:40:24.123: [INFO] Profiles total count: 1
2026-09-23 06:40:24.123: [INFO] Profile: name=Profile 1 path=C:\Users\topst\JAVA MWF 10-30\.metadata\.plugins\org.eclipse.swt\EBWebView\Default lastActive=2026-09-23T06:34:13.716Z
2026-09-23 06:40:24.123: [INFO] LastUsedProfileDir: C:\Users\topst\JAVA MWF 10-30\.metadata\.plugins\org.eclipse.swt\EBWebView\Default
2026-09-23 06:40:24.123: [INFO] MostRecentlyActiveProfile: name=Profile 1 path=C:\Users\topst\JAVA MWF 10-30\.metadata\.plugins\org.eclipse.swt\EBWebView\Default lastActive=2026-09-23T06:34:13.716Z
2026-09-23 06:40:24.123: [INFO] OnDoneLoading sync enabled: 0
2026-09-23 06:40:24.123: [INFO] BookmarkModelLoaded, ids_reassigned: 0
2026-09-23 06:40:24.123: [INFO] BookmarksLoadDropped droppedNodes=0
2026-09-23 06:40:24.123: [INFO] BookmarksSnapshot Startup total=0 bar=0 other=0 mobile=0 showBar=0 showBarNTP=1
2026-09-23 06:40:24.271: [INFO] BookmarksSnapshot Shutdown total=0 bar=0 other=0 mobile=0 showBar=0 showBarNTP=1
2026-09-23 06:40:29.875: [INFO] CurrentProfilePath: C:\Users\topst\JAVA MWF 10-30\.metadata\.plugins\org.eclipse.swt\EBWebView\Default
2026-09-23 06:40:29.875: [INFO] Profiles total count: 1
2026-09-23 06:40:29.875: [INFO] Profile: name=Profile 1 path=C:\Users\topst\JAVA MWF 10-30\.metadata\.plugins\org.eclipse.swt\EBWebView\Default lastActive=2026-09-23T06:34:13.716Z
2026-09-23 06:40:29.875: [INFO] LastUsedProfileDir: C:\Users\topst\JAVA MWF 10-30\.metadata\.plugins\org.eclipse.swt\EBWebView\Default
2026-09-23 06:40:29.876: [INFO] MostRecentlyActiveProfile: name=Profile 1 path=C:\Users\topst\JAVA MWF 10-30\.metadata\.plugins\org.eclipse.swt\EBWebView\Default lastActive=2026-09-23T06:34:13.716Z
2026-09-23 06:40:29.876: [INFO] OnDoneLoading sync enabled: 0
2026-09-23 06:40:29.876: [INFO] BookmarkModelLoaded, ids_reassigned: 0
2026-09-23 06:40:29.876: [INFO] BookmarksLoadDropped droppedNodes=0
2026-09-23 06:40:29.876: [INFO] BookmarksSnapshot Startup total=0 bar=0 other=0 mobile=0 showBar=0 showBarNTP=1
2026-09-23 06:40:29.996: [INFO] BookmarksSnapshot Shutdown total=0 bar=0 other=0 mobile=0 showBar=0 showBarNTP=1
2026-09-23 06:40:34.925: [INFO] CurrentProfilePath: C:\Users\topst\JAVA MWF 10-30\.metadata\.plugins\org.eclipse.swt\EBWebView\Default
2026-09-23 06:40:34.925: [INFO] Profiles total count: 1
2026-09-23 06:40:34.925: [INFO] Profile: name=Profile 1 path=C:\Users\topst\JAVA MWF 10-30\.metadata\.plugins\org.eclipse.swt\EBWebView\Default lastActive=2026-09-23T06:34:13.716Z
2026-09-23 06:40:34.925: [INFO] LastUsedProfileDir: C:\Users\topst\JAVA MWF 10-30\.metadata\.plugins\org.eclipse.swt\EBWebView\Default
2026-09-23 06:40:34.925: [INFO] MostRecentlyActiveProfile: name=Profile 1 path=C:\Users\topst\JAVA MWF 10-30\.metadata\.plugins\org.eclipse.swt\EBWebView\Default lastActive=2026-09-23T06:34:13.716Z
2026-09-23 06:40:34.925: [INFO] OnDoneLoading sync enabled: 0
2026-09-23 06:40:34.925: [INFO] BookmarkModelLoaded, ids_reassigned: 0
2026-09-23 06:40:34.925: [INFO] BookmarksLoadDropped droppedNodes=0
2026-09-23 06:40:34.925: [INFO] BookmarksSnapshot Startup total=0 bar=0 other=0 mobile=0 showBar=0 showBarNTP=1
2026-09-23 06:45:45.076: [INFO] BookmarksSnapshot Shutdown total=0 bar=0 other=0 mobile=0 showBar=0 showBarNTP=1
2026-09-23 06:46:03.254: [INFO] CurrentProfilePath: C:\Users\topst\JAVA MWF 10-30\.metadata\.plugins\org.eclipse.swt\EBWebView\Default
2026-09-23 06:46:03.254: [INFO] Profiles total count: 1
2026-09-23 06:46:03.254: [INFO] Profile: name=Profile 1 path=C:\Users\topst\JAVA MWF 10-30\.metadata\.plugins\org.eclipse.swt\EBWebView\Default lastActive=2026-09-23T06:34:13.716Z
2026-09-23 06:46:03.254: [INFO] LastUsedProfileDir: C:\Users\topst\JAVA MWF 10-30\.metadata\.plugins\org.eclipse.swt\EBWebView\Default
2026-09-23 06:46:03.254: [INFO] MostRecentlyActiveProfile: name=Profile 1 path=C:\Users\topst\JAVA MWF 10-30\.metadata\.plugins\org.eclipse.swt\EBWebView\Default lastActive=2026-09-23T06:34:13.716Z
2026-09-23 06:46:03.254: [INFO] OnDoneLoading sync enabled: 0
2026-09-23 06:46:03.254: [INFO] BookmarkModelLoaded, ids_reassigned: 0
2026-09-23 06:46:03.254: [INFO] BookmarksLoadDropped droppedNodes=0
2026-09-23 06:46:03.254: [INFO] BookmarksSnapshot Startup total=0 bar=0 other=0 mobile=0 showBar=0 showBarNTP=1
2026-09-23 06:46:34.259: [INFO] BookmarksSnapshot Shutdown total=0 bar=0 other=0 mobile=0 showBar=0 showBarNTP=1
2026-09-23 06:47:07.497: [INFO] CurrentProfilePath: C:\Users\topst\JAVA MWF 10-30\.metadata\.plugins\org.eclipse.swt\EBWebView\Default
2026-09-23 06:47:07.497: [INFO] Profiles total count: 1
2026-09-23 06:47:07.497: [INFO] Profile: name=Profile 1 path=C:\Users\topst\JAVA MWF 10-30\.metadata\.plugins\org.eclipse.swt\EBWebView\Default lastActive=2026-09-23T06:34:13.716Z
2026-09-23 06:47:07.497: [INFO] LastUsedProfileDir: C:\Users\topst\JAVA MWF 10-30\.metadata\.plugins\org.eclipse.swt\EBWebView\Default
2026-09-23 06:47:07.497: [INFO] MostRecentlyActiveProfile: name=Profile 1 path=C:\Users\topst\JAVA MWF 10-30\.metadata\.plugins\org.eclipse.swt\EBWebView\Default lastActive=2026-09-23T06:34:13.716Z
2026-09-23 06:47:07.497: [INFO] OnDoneLoading sync enabled: 0
2026-09-23 06:47:07.497: [INFO] BookmarkModelLoaded, ids_reassigned: 0
2026-09-23 06:47:07.497: [INFO] BookmarksLoadDropped droppedNodes=0
2026-09-23 06:47:07.497: [INFO] BookmarksSnapshot Startup total=0 bar=0 other=0 mobile=0 showBar=0 showBarNTP=1
2026-09-23 06:50:54.297: [INFO] BookmarksSnapshot Shutdown total=0 bar=0 other=0 mobile=0 showBar=0 showBarNTP=1
2026-09-23 06:57:45.985: [INFO] CurrentProfilePath: C:\Users\topst\JAVA MWF 10-30\.metadata\.plugins\org.eclipse.swt\EBWebView\Default
2026-09-23 06:57:45.985: [INFO] Profiles total count: 1
2026-09-23 06:57:45.985: [INFO] Profile: name=Profile 1 path=C:\Users\topst\JAVA MWF 10-30\.metadata\.plugins\org.eclipse.swt\EBWebView\Default lastActive=2026-09-23T06:34:13.716Z
2026-09-23 06:57:45.985: [INFO] LastUsedProfileDir: C:\Users\topst\JAVA MWF 10-30\.metadata\.plugins\org.eclipse.swt\EBWebView\Default
2026-09-23 06:57:45.985: [INFO] MostRecentlyActiveProfile: name=Profile 1 path=C:\Users\topst\JAVA MWF 10-30\.metadata\.plugins\org.eclipse.swt\EBWebView\Default lastActive=2026-09-23T06:34:13.716Z
2026-09-23 06:57:45.985: [INFO] OnDoneLoading sync enabled: 0
2026-09-23 06:57:45.985: [INFO] BookmarkModelLoaded, ids_reassigned: 0
2026-09-23 06:57:45.985: [INFO] BookmarksLoadDropped droppedNodes=0
2026-09-23 06:57:45.985: [INFO] BookmarksSnapshot Startup total=0 bar=0 other=0 mobile=0 showBar=0 showBarNTP=1
2026-09-23 06:58:17.377: [INFO] BookmarksSnapshot Shutdown total=0 bar=0 other=0 mobile=0 showBar=0 showBarNTP=1
2026-09-23 06:58:51.645: [INFO] CurrentProfilePath: C:\Users\topst\JAVA MWF 10-30\.metadata\.plugins\org.eclipse.swt\EBWebView\Default
2026-09-23 06:58:51.645: [INFO] Profiles total count: 1
2026-09-23 06:58:51.645: [INFO] Profile: name=Profile 1 path=C:\Users\topst\JAVA MWF 10-30\.metadata\.plugins\org.eclipse.swt\EBWebView\Default lastActive=2026-09-23T06:34:13.716Z
2026-09-23 06:58:51.645: [INFO] LastUsedProfileDir: C:\Users\topst\JAVA MWF 10-30\.metadata\.plugins\org.eclipse.swt\EBWebView\Default
2026-09-23 06:58:51.645: [INFO] MostRecentlyActiveProfile: name=Profile 1 path=C:\Users\topst\JAVA MWF 10-30\.metadata\.plugins\org.eclipse.swt\EBWebView\Default lastActive=2026-09-23T06:34:13.716Z
2026-09-23 06:58:51.645: [INFO] OnDoneLoading sync enabled: 0
2026-09-23 06:58:51.645: [INFO] BookmarkModelLoaded, ids_reassigned: 0
2026-09-23 06:58:51.645: [INFO] BookmarksLoadDropped droppedNodes=0
2026-09-23 06:58:51.645: [INFO] BookmarksSnapshot Startup total=0 bar=0 other=0 mobile=0 showBar=0 showBarNTP=1
2026-09-23 06:59:02.558: [INFO] BookmarksSnapshot Shutdown total=0 bar=0 other=0 mobile=0 showBar=0 showBarNTP=1
2026-09-23 07:01:23.125: [INFO] CurrentProfilePath: C:\Users\topst\JAVA MWF 10-30\.metadata\.plugins\org.eclipse.swt\EBWebView\Default
2026-09-23 07:01:23.125: [INFO] Profiles total count: 1
2026-09-23 07:01:23.125: [INFO] Profile: name=Profile 1 path=C:\Users\topst\JAVA MWF 10-30\.metadata\.plugins\org.eclipse.swt\EBWebView\Default lastActive=2026-09-23T06:34:13.716Z
2026-09-23 07:01:23.125: [INFO] LastUsedProfileDir: C:\Users\topst\JAVA MWF 10-30\.metadata\.plugins\org.eclipse.swt\EBWebView\Default
2026-09-23 07:01:23.125: [INFO] MostRecentlyActiveProfile: name=Profile 1 path=C:\Users\topst\JAVA MWF 10-30\.metadata\.plugins\org.eclipse.swt\EBWebView\Default lastActive=2026-09-23T06:34:13.716Z
2026-09-23 07:01:23.125: [INFO] OnDoneLoading sync enabled: 0
2026-09-23 07:01:23.125: [INFO] BookmarkModelLoaded, ids_reassigned: 0
2026-09-23 07:01:23.125: [INFO] BookmarksLoadDropped droppedNodes=0
2026-09-23 07:01:23.125: [INFO] BookmarksSnapshot Startup total=0 bar=0 other=0 mobile=0 showBar=0 showBarNTP=1
2026-09-23 07:01:23.225: [INFO] BookmarksSnapshot Shutdown total=0 bar=0 other=0 mobile=0 showBar=0 showBarNTP=1
2026-09-23 07:01:26.321: [INFO] CurrentProfilePath: C:\Users\topst\JAVA MWF 10-30\.metadata\.plugins\org.eclipse.swt\EBWebView\Default
2026-09-23 07:01:26.321: [INFO] Profiles total count: 1
2026-09-23 07:01:26.321: [INFO] Profile: name=Profile 1 path=C:\Users\topst\JAVA MWF 10-30\.metadata\.plugins\org.eclipse.swt\EBWebView\Default lastActive=2026-09-23T06:34:13.716Z
2026-09-23 07:01:26.321: [INFO] LastUsedProfileDir: C:\Users\topst\JAVA MWF 10-30\.metadata\.plugins\org.eclipse.swt\EBWebView\Default
2026-09-23 07:01:26.321: [INFO] MostRecentlyActiveProfile: name=Profile 1 path=C:\Users\topst\JAVA MWF 10-30\.metadata\.plugins\org.eclipse.swt\EBWebView\Default lastActive=2026-09-23T06:34:13.716Z
2026-09-23 07:01:26.321: [INFO] OnDoneLoading sync enabled: 0
2026-09-23 07:01:26.321: [INFO] BookmarkModelLoaded, ids_reassigned: 0
2026-09-23 07:01:26.321: [INFO] BookmarksLoadDropped droppedNodes=0
2026-09-23 07:01:26.321: [INFO] BookmarksSnapshot Startup total=0 bar=0 other=0 mobile=0 showBar=0 showBarNTP=1
2026-09-23 07:01:26.426: [INFO] BookmarksSnapshot Shutdown total=0 bar=0 other=0 mobile=0 showBar=0 showBarNTP=1
2026-09-23 07:05:12.380: [INFO] CurrentProfilePath: C:\Users\topst\JAVA MWF 10-30\.metadata\.plugins\org.eclipse.swt\EBWebView\Default
2026-09-23 07:05:12.380: [INFO] Profiles total count: 1
2026-09-23 07:05:12.380: [INFO] Profile: name=Profile 1 path=C:\Users\topst\JAVA MWF 10-30\.metadata\.plugins\org.eclipse.swt\EBWebView\Default lastActive=2026-09-23T06:34:13.716Z
2026-09-23 07:05:12.380: [INFO] LastUsedProfileDir: C:\Users\topst\JAVA MWF 10-30\.metadata\.plugins\org.eclipse.swt\EBWebView\Default
2026-09-23 07:05:12.380: [INFO] MostRecentlyActiveProfile: name=Profile 1 path=C:\Users\topst\JAVA MWF 10-30\.metadata\.plugins\org.eclipse.swt\EBWebView\Default lastActive=2026-09-23T06:34:13.716Z
2026-09-23 07:05:12.380: [INFO] OnDoneLoading sync enabled: 0
2026-09-23 07:05:12.380: [INFO] BookmarkModelLoaded, ids_reassigned: 0
2026-09-23 07:05:12.380: [INFO] BookmarksLoadDropped droppedNodes=0
2026-09-23 07:05:12.380: [INFO] BookmarksSnapshot Startup total=0 bar=0 other=0 mobile=0 showBar=0 showBarNTP=1
2026-09-23 07:05:41.883: [INFO] BookmarksSnapshot Shutdown total=0 bar=0 other=0 mobile=0 showBar=0 showBarNTP=1
2026-09-23 07:06:39.439: [INFO] CurrentProfilePath: C:\Users\topst\JAVA MWF 10-30\.metadata\.plugins\org.eclipse.swt\EBWebView\Default
2026-09-23 07:06:39.439: [INFO] Profiles total count: 1
2026-09-23 07:06:39.439: [INFO] Profile: name=Profile 1 path=C:\Users\topst\JAVA MWF 10-30\.metadata\.plugins\org.eclipse.swt\EBWebView\Default lastActive=2026-09-23T06:34:13.716Z
2026-09-23 07:06:39.439: [INFO] LastUsedProfileDir: C:\Users\topst\JAVA MWF 10-30\.metadata\.plugins\org.eclipse.swt\EBWebView\Default
2026-09-23 07:06:39.439: [INFO] MostRecentlyActiveProfile: name=Profile 1 path=C:\Users\topst\JAVA MWF 10-30\.metadata\.plugins\org.eclipse.swt\EBWebView\Default lastActive=2026-09-23T06:34:13.716Z
2026-09-23 07:06:39.439: [INFO] OnDoneLoading sync enabled: 0
2026-09-23 07:06:39.439: [INFO] BookmarkModelLoaded, ids_reassigned: 0
2026-09-23 07:06:39.439: [INFO] BookmarksLoadDropped droppedNodes=0
2026-09-23 07:06:39.439: [INFO] BookmarksSnapshot Startup total=0 bar=0 other=0 mobile=0 showBar=0 showBarNTP=1
2026-09-23 07:07:52.255: [INFO] BookmarksSnapshot Shutdown total=0 bar=0 other=0 mobile=0 showBar=0 showBarNTP=1
2026-09-23 07:10:28.145: [INFO] CurrentProfilePath: C:\Users\topst\JAVA MWF 10-30\.metadata\.plugins\org.eclipse.swt\EBWebView\Default
2026-09-23 07:10:28.145: [INFO] Profiles total count: 1
2026-09-23 07:10:28.145: [INFO] Profile: name=Profile 1 path=C:\Users\topst\JAVA MWF 10-30\.metadata\.plugins\org.eclipse.swt\EBWebView\Default lastActive=2026-09-23T06:34:13.716Z
2026-09-23 07:10:28.145: [INFO] LastUsedProfileDir: C:\Users\topst\JAVA MWF 10-30\.metadata\.plugins\org.eclipse.swt\EBWebView\Default
2026-09-23 07:10:28.145: [INFO] MostRecentlyActiveProfile: name=Profile 1 path=C:\Users\topst\JAVA MWF 10-30\.metadata\.plugins\org.eclipse.swt\EBWebView\Default lastActive=2026-09-23T06:34:13.716Z
2026-09-23 07:10:28.145: [INFO] OnDoneLoading sync enabled: 0
2026-09-23 07:10:28.145: [INFO] BookmarkModelLoaded, ids_reassigned: 0
2026-09-23 07:10:28.145: [INFO] BookmarksLoadDropped droppedNodes=0
2026-09-23 07:10:28.145: [INFO] BookmarksSnapshot Startup total=0 bar=0 other=0 mobile=0 showBar=0 showBarNTP=1
2026-09-23 07:11:57.672: [INFO] BookmarksSnapshot Shutdown total=0 bar=0 other=0 mobile=0 showBar=0 showBarNTP=1
2026-09-23 07:12:50.667: [INFO] CurrentProfilePath: C:\Users\topst\JAVA MWF 10-30\.metadata\.plugins\org.eclipse.swt\EBWebView\Default
2026-09-23 07:12:50.667: [INFO] Profiles total count: 1
2026-09-23 07:12:50.667: [INFO] Profile: name=Profile 1 path=C:\Users\topst\JAVA MWF 10-30\.metadata\.plugins\org.eclipse.swt\EBWebView\Default lastActive=2026-09-23T06:34:13.716Z
2026-09-23 07:12:50.667: [INFO] LastUsedProfileDir: C:\Users\topst\JAVA MWF 10-30\.metadata\.plugins\org.eclipse.swt\EBWebView\Default
2026-09-23 07:12:50.667: [INFO] MostRecentlyActiveProfile: name=Profile 1 path=C:\Users\topst\JAVA MWF 10-30\.metadata\.plugins\org.eclipse.swt\EBWebView\Default lastActive=2026-09-23T06:34:13.716Z
2026-09-23 07:12:50.667: [INFO] OnDoneLoading sync enabled: 0
2026-09-23 07:12:50.667: [INFO] BookmarkModelLoaded, ids_reassigned: 0
2026-09-23 07:12:50.667: [INFO] BookmarksLoadDropped droppedNodes=0
2026-09-23 07:12:50.667: [INFO] BookmarksSnapshot Startup total=0 bar=0 other=0 mobile=0 showBar=0 showBarNTP=1
2026-09-23 07:12:50.753: [INFO] BookmarksSnapshot Shutdown total=0 bar=0 other=0 mobile=0 showBar=0 showBarNTP=1
2026-09-23 07:14:04.208: [INFO] CurrentProfilePath: C:\Users\topst\JAVA MWF 10-30\.metadata\.plugins\org.eclipse.swt\EBWebView\Default
2026-09-23 07:14:04.208: [INFO] Profiles total count: 1
2026-09-23 07:14:04.208: [INFO] Profile: name=Profile 1 path=C:\Users\topst\JAVA MWF 10-30\.metadata\.plugins\org.eclipse.swt\EBWebView\Default lastActive=2026-09-23T06:34:13.716Z
2026-09-23 07:14:04.208: [INFO] LastUsedProfileDir: C:\Users\topst\JAVA MWF 10-30\.metadata\.plugins\org.eclipse.swt\EBWebView\Default
2026-09-23 07:14:04.208: [INFO] MostRecentlyActiveProfile: name=Profile 1 path=C:\Users\topst\JAVA MWF 10-30\.metadata\.plugins\org.eclipse.swt\EBWebView\Default lastActive=2026-09-23T06:34:13.716Z
2026-09-23 07:14:04.208: [INFO] OnDoneLoading sync enabled: 0
2026-09-23 07:14:04.208: [INFO] BookmarkModelLoaded, ids_reassigned: 0
2026-09-23 07:14:04.208: [INFO] BookmarksLoadDropped droppedNodes=0
2026-09-23 07:14:04.208: [INFO] BookmarksSnapshot Startup total=0 bar=0 other=0 mobile=0 showBar=0 showBarNTP=1
2026-09-23 07:16:31.570: [INFO] BookmarksSnapshot Shutdown total=0 bar=0 other=0 mobile=0 showBar=0 showBarNTP=1
2026-09-23 07:17:00.302: [INFO] CurrentProfilePath: C:\Users\topst\JAVA MWF 10-30\.metadata\.plugins\org.eclipse.swt\EBWebView\Default
2026-09-23 07:17:00.302: [INFO] Profiles total count: 1
2026-09-23 07:17:00.302: [INFO] Profile: name=Profile 1 path=C:\Users\topst\JAVA MWF 10-30\.metadata\.plugins\org.eclipse.swt\EBWebView\Default lastActive=2026-09-23T06:34:13.716Z
2026-09-23 07:17:00.302: [INFO] LastUsedProfileDir: C:\Users\topst\JAVA MWF 10-30\.metadata\.plugins\org.eclipse.swt\EBWebView\Default
2026-09-23 07:17:00.302: [INFO] MostRecentlyActiveProfile: name=Profile 1 path=C:\Users\topst\JAVA MWF 10-30\.metadata\.plugins\org.eclipse.swt\EBWebView\Default lastActive=2026-09-23T06:34:13.716Z
2026-09-23 07:17:00.302: [INFO] OnDoneLoading sync enabled: 0
2026-09-23 07:17:00.302: [INFO] BookmarkModelLoaded, ids_reassigned: 0
2026-09-23 07:17:00.302: [INFO] BookmarksLoadDropped droppedNodes=0
2026-09-23 07:17:00.302: [INFO] BookmarksSnapshot Startup total=0 bar=0 other=0 mobile=0 showBar=0 showBarNTP=1
2026-09-23 07:21:49.238: [INFO] BookmarksSnapshot Shutdown total=0 bar=0 other=0 mobile=0 showBar=0 showBarNTP=1
